2026-07-10 00:03:49 [INFO] CSC is loading...   Success！
2026-07-10 09:41:29 [INFO] CSC is loading...   Success！
2026-07-10 12:08:14 [INFO] CSC is loading...   Success！
2026-07-10 13:20:28 [INFO] CSC is loading...   Success！
2026-07-11 17:55:59 [INFO] CSC is loading...   Success！
2026-07-11 18:28:49 [INFO] CSC is loading...   Success！
2026-07-11 18:42:58 [INFO] CSC is loading...   Success！
2026-07-11 18:56:21 [INFO] CSC is loading...   Success！
2026-07-11 19:22:21 [INFO] CSC is loading...   Success！
2026-07-14 22:46:51 [INFO] CSC is loading...   Success！
2026-07-15 20:18:44 [INFO] CSC is loading...   Success！
2026-07-16 21:15:56 [INFO] CSC is loading...   Success！
2026-07-23 15:20:09 [INFO] CSC is loading...   Success！
2026-07-23 16:24:38 [INFO] CSC is loading...   Success！
2026-07-23 16:42:12 [INFO] CSC is loading...   Success！
2026-07-23 16:46:10 [INFO] CSC is loading...   Success！
2026-07-23 17:07:13 [INFO] CSC is loading...   Success！
2026-07-23 17:25:10 [INFO] CSC is loading...   Success！
2026-07-23 19:19:40 [INFO] CSC is loading...   Success！
2026-07-23 19:24:37 [INFO] CSC is loading...   Success！
2026-07-23 19:32:21 [INFO] CSC is loading...   Success！
2026-07-23 20:35:13 [INFO] CSC is loading...   Success！
2026-07-23 20:50:06 [INFO] CSC is loading...   Success！
2026-07-23 20:59:41 [INFO] CSC is loading...   Success！
2026-07-23 21:04:15 [INFO] CSC is loading...   Success！
2026-07-24 12:18:55 [INFO] CSC is loading...   Success！
2026-08-01 06:14:12 [INFO] CSC is loading...   Success！
2026-08-01 06:57:54 [INFO] CSC is loading...   Success！
2026-08-16 14:54:06 [INFO] CSC is loading...   Success！
2026-08-16 17:05:10 [INFO] CSC is loading...   Success！
2026-08-16 17:28:00 [INFO] CSC is loading...   Success！
2026-08-17 13:37:23 [INFO] CSC is loading...   Success！
2026-08-17 13:38:01 [INFO]    _____  _____  _____ 
2026-08-17 13:38:01 [INFO]   / ____|/ ____|/ ____|
2026-08-17 13:38:01 [INFO]  | |    | (___ | |        [CSC] Version: v1.21.26
2026-08-17 13:38:01 [INFO]  | |     \___ \| |        Minecraft Version: 1.21.1 neoforge
2026-08-17 13:38:01 [INFO]  | |____ ____) | |____    Problem/Feedback: Discord: https://discord.gg/rQV5JPauY7
2026-08-17 13:38:01 [INFO]   \_____|_____/ \_____|
2026-08-17 13:38:01 [INFO]                        
2026-08-17 13:38:01 [INFO] Security notice: Mod id whitelist mode is enabled. This feature restricts printing blocks from mods outside the whitelist to reduce the risk of blueprint vulnerabilities from unknown mods.
If the administrator already understands this security notice, disable the notice with: /csc notice whitelistid off
Control mod id whitelist mode: /csc mode whitelistid on|off
Open config/CSC/config.toml for more detailed configuration.
2026-08-17 13:51:04 [INFO] CSC close completely, thanks for using!
2026-08-17 13:52:38 [INFO]    _____  _____  _____ 
2026-08-17 13:52:38 [INFO]   / ____|/ ____|/ ____|
2026-08-17 13:52:38 [INFO]  | |    | (___ | |        [CSC] Version: v1.21.26
2026-08-17 13:52:38 [INFO]  | |     \___ \| |        Minecraft Version: 1.21.1 neoforge
2026-08-17 13:52:38 [INFO]  | |____ ____) | |____    Problem/Feedback: Discord: https://discord.gg/rQV5JPauY7
2026-08-17 13:52:38 [INFO]   \_____|_____/ \_____|
2026-08-17 13:52:38 [INFO]                        
2026-08-17 13:52:38 [INFO] Security notice: Mod id whitelist mode is enabled. This feature restricts printing blocks from mods outside the whitelist to reduce the risk of blueprint vulnerabilities from unknown mods.
If the administrator already understands this security notice, disable the notice with: /csc notice whitelistid off
Control mod id whitelist mode: /csc mode whitelistid on|off
Open config/CSC/config.toml for more detailed configuration.
2026-08-17 14:01:53 [INFO] CSC close completely, thanks for using!
2026-08-17 15:13:21 [INFO] CSC is loading...   Success！
2026-08-17 15:42:00 [INFO] CSC is loading...   Success！
2026-08-17 16:58:00 [INFO] CSC is loading...   Success！
2026-08-17 18:32:55 [INFO] CSC is loading...   Success！
2026-08-17 18:45:39 [INFO] CSC is loading...   Success！
2026-08-17 22:25:49 [WARN] [CSC] Old config.toml archived to C:\Program Files\HMCL\.minecraft\versions\【电脑版】1.21.1_浮木创意所\config\CSC\config_old_2026_08_17_22_25_49.toml because ConfigVersion changed from 1.21.26 to 2.27.43
2026-08-17 22:25:50 [INFO] CSC is loading...   Success！
2026-08-17 22:45:37 [INFO] CSC is loading...   Success！
2026-08-17 23:15:36 [INFO] CSC is loading...   Success！
2026-08-17 23:29:16 [INFO] CSC is loading...   Success！
2026-08-17 23:55:03 [INFO] CSC is loading...   Success！
2026-08-17 23:56:37 [INFO] CSC is loading...   Success！
